eeschema (2013-jul-07)-stable  >> Creation date: Pá 6. květen 2016, 14:17:00 CEST
#Cmp ( order = Reference )
| C1         M1          ;             ;             ;             ;             
| C2         M1          ;             ;             ;             ;             
| C3         M1          ;             ;             ;             ;             
| C4         10M/25V/D   ;             ;             ;             ;             
| C5         10M/25V/D   ;             ;             ;             ;             
| C6         10M/25V/D   ;             ;             ;             ;             
| C7         10M/25V/D   ;             ;             ;             ;             
| C8         100M/6V3/D  ;             ;             ;             ;             
| C9         100M/6V3/D  ;             ;             ;             ;             
| C10        100M/6V3/D  ;             ;             ;             ;             
| C11        100M/6V3/D  ;             ;             ;             ;             
| C12        M1          ;             ;             ;             ;             
| C13        M1          ;             ;             ;             ;             
| C14        1M          ;             ;             ;             ;             
| C15        M1          ;             ;             ;             ;             
| C16        M1          ;             ;             ;             ;             
| C17        1M          ;             ;             ;             ;             
| C18        M1          ;             ;             ;             ;             
| C19        18          ;             ;             ;             ;             
| C20        1M          ;             ;             ;             ;             
| C21        M1          ;             ;             ;             ;             
| C22        M1          ;             ;             ;             ;             
| C23        18          ;             ;             ;             ;             
| C24        M1          ;             ;             ;             ;             
| C25        100         ;             ;             ;             ;             
| C26        100         ;             ;             ;             ;             
| C27        100         ;             ;             ;             ;             
| C28        100         ;             ;             ;             ;             
| C29        100         ;             ;             ;             ;             
| C30        100         ;             ;             ;             ;             
| C31        2M2         ;             ;             ;             ;             
| C32        100n        ;             ;             ;             ;             
| C33        1n          ;             ;             ;             ;             
| C34        100n        ;             ;             ;             ;             
| C35        2M2         ;             ;             ;             ;             
| C36        100n        ;             ;             ;             ;             
| C37        1n          ;             ;             ;             ;             
| C38        100         ;             ;             ;             ;             
| C39        100n        ;             ;             ;             ;             
| C40        1n          ;             ;             ;             ;             
| C41        2p7         ;             ;             ;             ;             
| C42        3p9         ;             ;             ;             ;             
| C43        1n          ;             ;             ;             ;             
| C44        56          ;             ;             ;             ;             
| C45        4p7         ;             ;             ;             ;             
| C46        2M2         ;             ;             ;             ;             
| C47        1n          ;             ;             ;             ;             
| C48        100         ;             ;             ;             ;             
| C49        1n          ;             ;             ;             ;             
| C50        1n          ;             ;             ;             ;             
| C51        10n         ;             ;             ;             ;             
| C52        100         ;             ;             ;             ;             
| C53        100         ;             ;             ;             ;             
| C54        1n          ;             ;             ;             ;             
| C55        2M2         ;             ;             ;             ;             
| C56        100         ;             ;             ;             ;             
| C57        1p5         ;             ;             ;             ;             
| C58        15          ;             ;             ;             ;             
| C59        2M2         ;             ;             ;             ;             
| C60        1n          ;             ;             ;             ;             
| C61        100         ;             ;             ;             ;             
| C62        100         ;             ;             ;             ;             
| C63        4p7         ;             ;             ;             ;             
| C64        1n          ;             ;             ;             ;             
| C65        1n          ;             ;             ;             ;             
| C66        1n          ;             ;             ;             ;             
| C67        6p8         ;             ;             ;             ;             
| C68        M1          ;             ;             ;             ;             
| C69        100         ;             ;             ;             ;             
| C70        3p9         ;             ;             ;             ;             
| C71        2p2         ;             ;             ;             ;             
| C72        15          ;             ;             ;             ;             
| C73        2p2         ;             ;             ;             ;             
| C74        15          ;             ;             ;             ;             
| C75        1n          ;             ;             ;             ;             
| D1         B260A       ;             ;             ;             ;             
| D2         B260A       ;             ;             ;             ;             
| DD1        TPS22945DCKR;             ;             ;             ;             
| DD2        MIC4680-3.3BM;             ;             ;             ;             
| DD3        MIC4680-3.3BM;             ;             ;             ;             
| DD4        SAM4SD16    ;             ;             ;             ;             
| DD5        SI4463      ;             ;             ;             ;             
| DD6        RF5110G     ;             ;             ;             ;             
| DD7        TPS22945DCKR;             ;             ;             ;             
| DD8        SAW         ;             ;             ;             ;             
| DD9        AS193       ;             ;             ;             ;             
| DD10       SPF5189Z    ;             ;             ;             ;             
| F1         2A          ;             ;             ;             ;             
| K1         CONN_6      ;             ;             ;             ;             
| K2         CONN_10     ;             ;             ;             ;             
| K3         CONN_6      ;             ;             ;             ;             
| K4         CONN_6      ;             ;             ;             ;             
| K5         SMA         ;             ;             ;             ;             
| K6         SMA         ;             ;             ;             ;             
| K7         HE10-20     ;             ;             ;             ;             
| K8         SAM_JTAG    ;             ;             ;             ;             
| L1         74279204    ;             ;             ;             ;             
| L2         742792040   ;             ;             ;             ;             
| L3         UP2B-680    ;             ;             ;             ;             
| L4         UP2B-680    ;             ;             ;             ;             
| L5         742792040   ;             ;             ;             ;             
| L6         74279204    ;             ;             ;             ;             
| L7         74279204    ;             ;             ;             ;             
| L8         74279204    ;             ;             ;             ;             
| L9         74279204    ;             ;             ;             ;             
| L10        74279204    ;             ;             ;             ;             
| L11        74279204    ;             ;             ;             ;             
| L12        74279204    ;             ;             ;             ;             
| L13        74279204    ;             ;             ;             ;             
| L14        74279204    ;             ;             ;             ;             
| L15        74279204    ;             ;             ;             ;             
| L16        74279204    ;             ;             ;             ;             
| L17        74279204    ;             ;             ;             ;             
| L18        100n        ;             ;             ;             ;             
| L19        18n         ;             ;             ;             ;             
| L20        24nH        ;             ;             ;             ;             
| L21        12n         ;             ;             ;             ;             
| L22        12n         ;             ;             ;             ;             
| L23        1n5         ;             ;             ;             ;             
| L24        742792040   ;             ;             ;             ;             
| L25        12n         ;             ;             ;             ;             
| L26        3n6         ;             ;             ;             ;             
| L27        74279204    ;             ;             ;             ;             
| L28        6n8         ;             ;             ;             ;             
| L29        100n        ;             ;             ;             ;             
| L30        12n         ;             ;             ;             ;             
| L31        1n5         ;             ;             ;             ;             
| L32        6n8         ;             ;             ;             ;             
| L33        100n        ;             ;             ;             ;             
| R1         1k          ;             ;             ;             ;             
| R2         1k          ;             ;             ;             ;             
| R3         1k          ;             ;             ;             ;             
| R4         22K         ;             ;             ;             ;             
| R5         4K7         ;             ;             ;             ;             
| R6         100K        ;             ;             ;             ;             
| R7         100K        ;             ;             ;             ;             
| R8         100K        ;             ;             ;             ;             
| R9         100K        ;             ;             ;             ;             
| R10        100K        ;             ;             ;             ;             
| R11        180         ;             ;             ;             ;             
| R12        18          ;             ;             ;             ;             
| X1         FA-238V-12MHZ;             ;             ;             ;             
| X2         7Q-26.000MBN-T;             ;             ;             ;             
#End Cmp

#Cmp (dle hodnoty)
| 1p5          C57       ;             ;             ;             ;             
| 2p2          C71       ;             ;             ;             ;             
| 2p2          C73       ;             ;             ;             ;             
| 2p7          C41       ;             ;             ;             ;             
| 3p9          C42       ;             ;             ;             ;             
| 3p9          C70       ;             ;             ;             ;             
| 4p7          C45       ;             ;             ;             ;             
| 4p7          C63       ;             ;             ;             ;             
| 6p8          C67       ;             ;             ;             ;             
| 1n           C33       ;             ;             ;             ;             
| 1n           C37       ;             ;             ;             ;             
| 1n           C40       ;             ;             ;             ;             
| 1n           C43       ;             ;             ;             ;             
| 1n           C47       ;             ;             ;             ;             
| 1n           C49       ;             ;             ;             ;             
| 1n           C50       ;             ;             ;             ;             
| 1n           C54       ;             ;             ;             ;             
| 1n           C60       ;             ;             ;             ;             
| 1n           C64       ;             ;             ;             ;             
| 1n           C65       ;             ;             ;             ;             
| 1n           C66       ;             ;             ;             ;             
| 1n           C75       ;             ;             ;             ;             
| 10n          C51       ;             ;             ;             ;             
| 100n         C32       ;             ;             ;             ;             
| 100n         C34       ;             ;             ;             ;             
| 100n         C36       ;             ;             ;             ;             
| 100n         C39       ;             ;             ;             ;             
| 15           C58       ;             ;             ;             ;             
| 15           C72       ;             ;             ;             ;             
| 15           C74       ;             ;             ;             ;             
| 18           C19       ;             ;             ;             ;             
| 18           C23       ;             ;             ;             ;             
| 56           C44       ;             ;             ;             ;             
| 100          C25       ;             ;             ;             ;             
| 100          C26       ;             ;             ;             ;             
| 100          C27       ;             ;             ;             ;             
| 100          C28       ;             ;             ;             ;             
| 100          C29       ;             ;             ;             ;             
| 100          C30       ;             ;             ;             ;             
| 100          C38       ;             ;             ;             ;             
| 100          C48       ;             ;             ;             ;             
| 100          C52       ;             ;             ;             ;             
| 100          C53       ;             ;             ;             ;             
| 100          C56       ;             ;             ;             ;             
| 100          C61       ;             ;             ;             ;             
| 100          C62       ;             ;             ;             ;             
| 100          C69       ;             ;             ;             ;             
| 1M           C14       ;             ;             ;             ;             
| 1M           C17       ;             ;             ;             ;             
| 1M           C20       ;             ;             ;             ;             
| 2M2          C31       ;             ;             ;             ;             
| 2M2          C35       ;             ;             ;             ;             
| 2M2          C46       ;             ;             ;             ;             
| 2M2          C55       ;             ;             ;             ;             
| 2M2          C59       ;             ;             ;             ;             
| 10M/25V/D    C4        ;             ;             ;             ;             
| 10M/25V/D    C5        ;             ;             ;             ;             
| 10M/25V/D    C6        ;             ;             ;             ;             
| 10M/25V/D    C7        ;             ;             ;             ;             
| 100M/6V3/D   C8        ;             ;             ;             ;             
| 100M/6V3/D   C9        ;             ;             ;             ;             
| 100M/6V3/D   C10       ;             ;             ;             ;             
| 100M/6V3/D   C11       ;             ;             ;             ;             
| M1           C1        ;             ;             ;             ;             
| M1           C2        ;             ;             ;             ;             
| M1           C3        ;             ;             ;             ;             
| M1           C12       ;             ;             ;             ;             
| M1           C13       ;             ;             ;             ;             
| M1           C15       ;             ;             ;             ;             
| M1           C16       ;             ;             ;             ;             
| M1           C18       ;             ;             ;             ;             
| M1           C21       ;             ;             ;             ;             
| M1           C22       ;             ;             ;             ;             
| M1           C24       ;             ;             ;             ;             
| M1           C68       ;             ;             ;             ;             
| B260A        D1        ;             ;             ;             ;             
| B260A        D2        ;             ;             ;             ;             
| MIC4680-3.3BM DD2       ;             ;             ;             ;             
| MIC4680-3.3BM DD3       ;             ;             ;             ;             
| SAM4SD16     DD4       ;             ;             ;             ;             
| SI4463       DD5       ;             ;             ;             ;             
| TPS22945DCKR DD1       ;             ;             ;             ;             
| RF5110G      DD6       ;             ;             ;             ;             
| TPS22945DCKR DD7       ;             ;             ;             ;             
| SAW          DD8       ;             ;             ;             ;             
| AS193        DD9       ;             ;             ;             ;             
| SPF5189Z     DD10      ;             ;             ;             ;             
| 2A           F1        ;             ;             ;             ;             
| CONN_6       K1        ;             ;             ;             ;             
| CONN_10      K2        ;             ;             ;             ;             
| CONN_6       K3        ;             ;             ;             ;             
| CONN_6       K4        ;             ;             ;             ;             
| HE10-20      K7        ;             ;             ;             ;             
| SMA          K5        ;             ;             ;             ;             
| SMA          K6        ;             ;             ;             ;             
| SAM_JTAG     K8        ;             ;             ;             ;             
| 1n5          L23       ;             ;             ;             ;             
| 1n5          L31       ;             ;             ;             ;             
| 3n6          L26       ;             ;             ;             ;             
| 6n8          L28       ;             ;             ;             ;             
| 6n8          L32       ;             ;             ;             ;             
| 12n          L30       ;             ;             ;             ;             
| 12n          L21       ;             ;             ;             ;             
| 12n          L22       ;             ;             ;             ;             
| 12n          L25       ;             ;             ;             ;             
| 18n          L19       ;             ;             ;             ;             
| 24nH         L20       ;             ;             ;             ;             
| 100n         L18       ;             ;             ;             ;             
| 100n         L29       ;             ;             ;             ;             
| 100n         L33       ;             ;             ;             ;             
| 74279204     L1        ;             ;             ;             ;             
| 74279204     L6        ;             ;             ;             ;             
| 74279204     L7        ;             ;             ;             ;             
| 74279204     L8        ;             ;             ;             ;             
| 74279204     L9        ;             ;             ;             ;             
| 74279204     L10       ;             ;             ;             ;             
| 74279204     L11       ;             ;             ;             ;             
| 74279204     L12       ;             ;             ;             ;             
| 74279204     L13       ;             ;             ;             ;             
| 74279204     L14       ;             ;             ;             ;             
| 74279204     L15       ;             ;             ;             ;             
| 74279204     L16       ;             ;             ;             ;             
| 74279204     L17       ;             ;             ;             ;             
| 74279204     L27       ;             ;             ;             ;             
| 742792040    L2        ;             ;             ;             ;             
| 742792040    L5        ;             ;             ;             ;             
| 742792040    L24       ;             ;             ;             ;             
| UP2B-680     L3        ;             ;             ;             ;             
| UP2B-680     L4        ;             ;             ;             ;             
| 18           R12       ;             ;             ;             ;             
| 180          R11       ;             ;             ;             ;             
| 1k           R1        ;             ;             ;             ;             
| 1k           R2        ;             ;             ;             ;             
| 1k           R3        ;             ;             ;             ;             
| 4K7          R5        ;             ;             ;             ;             
| 22K          R4        ;             ;             ;             ;             
| 100K         R6        ;             ;             ;             ;             
| 100K         R7        ;             ;             ;             ;             
| 100K         R8        ;             ;             ;             ;             
| 100K         R9        ;             ;             ;             ;             
| 100K         R10       ;             ;             ;             ;             
| FA-238V-12MHZ X1        ;             ;             ;             ;             
| 7Q-26.000MBN-T X2        ;             ;             ;             ;             
#Konec Cmp

#Konec seznamu
