CCS PCM C Compiler, Version 4.106, 47914               30-11-15 19:16

               Filename: C:\Users\Honza\Documents\PIC\hlidani\main.lst

               ROM used: 493 words (6%)
                         Largest free fragment is 2048
               RAM used: 19 (5%) at main() level
                         22 (6%) worst case
               Stack:    3 worst case (1 in main + 2 for interrupts)

*
0000:  MOVLW  00
0001:  MOVWF  0A
0002:  GOTO   07C
0003:  NOP
0004:  MOVWF  7F
0005:  SWAPF  03,W
0006:  CLRF   03
0007:  MOVWF  21
0008:  MOVF   0A,W
0009:  MOVWF  20
000A:  CLRF   0A
000B:  MOVF   04,W
000C:  MOVWF  22
000D:  MOVF   77,W
000E:  MOVWF  23
000F:  MOVF   78,W
0010:  MOVWF  24
0011:  MOVF   79,W
0012:  MOVWF  25
0013:  MOVF   7A,W
0014:  MOVWF  26
0015:  BCF    03.7
0016:  BCF    03.5
0017:  MOVLW  8C
0018:  MOVWF  04
0019:  BTFSS  00.0
001A:  GOTO   01D
001B:  BTFSC  0C.0
001C:  GOTO   032
001D:  BTFSS  0B.5
001E:  GOTO   021
001F:  BTFSC  0B.2
0020:  GOTO   035
0021:  MOVF   22,W
0022:  MOVWF  04
0023:  MOVF   23,W
0024:  MOVWF  77
0025:  MOVF   24,W
0026:  MOVWF  78
0027:  MOVF   25,W
0028:  MOVWF  79
0029:  MOVF   26,W
002A:  MOVWF  7A
002B:  MOVF   20,W
002C:  MOVWF  0A
002D:  SWAPF  21,W
002E:  MOVWF  03
002F:  SWAPF  7F,F
0030:  SWAPF  7F,W
0031:  RETFIE
0032:  BCF    0A.3
0033:  BCF    0A.4
0034:  GOTO   04C
0035:  BCF    0A.3
0036:  BCF    0A.4
0037:  GOTO   075
.................... #include "C:\Users\Honza\Documents\PIC\hlidani\main.h" 
.................... #include <16F887.h> 
.................... //////// Standard Header file for the PIC16F887 device //////////////// 
.................... #device PIC16F887 
.................... #list 
....................  
.................... #device adc=8 
....................  
.................... #FUSES NOWDT                 	//No Watch Dog Timer 
.................... #FUSES HS                    	//High speed Osc (> 4mhz for PCM/PCH) (>10mhz for PCD) 
.................... #FUSES NOPUT                 	//No Power Up Timer 
.................... #FUSES MCLR                  	//Master Clear pin enabled 
.................... #FUSES NOPROTECT             	//Code not protected from reading 
.................... #FUSES NOCPD                 	//No EE protection 
.................... #FUSES NOBROWNOUT            	//No brownout reset 
.................... #FUSES IESO                  	//Internal External Switch Over mode enabled 
.................... #FUSES FCMEN                 	//Fail-safe clock monitor enabled 
.................... #FUSES NOLVP                 	//No low voltage prgming, B3(PIC16) or B5(PIC18) used for I/O 
.................... #FUSES NODEBUG               	//No Debug mode for ICD 
.................... #FUSES NOWRT                 	//Program memory not write protected 
.................... #FUSES BORV40                	//Brownout reset at 4.0V 
....................  
.................... #use delay(clock=20000000) 
*
0038:  MOVLW  30
0039:  MOVWF  04
003A:  BCF    03.7
003B:  MOVF   00,W
003C:  BTFSC  03.2
003D:  GOTO   04B
003E:  MOVLW  06
003F:  MOVWF  78
0040:  CLRF   77
0041:  DECFSZ 77,F
0042:  GOTO   041
0043:  DECFSZ 78,F
0044:  GOTO   040
0045:  MOVLW  7B
0046:  MOVWF  77
0047:  DECFSZ 77,F
0048:  GOTO   047
0049:  DECFSZ 00,F
004A:  GOTO   03E
004B:  RETURN
....................  
....................  
.................... //REL1SW01A - všechny moduly musí mít jupery mezi VCC-pin1 a VCC-pin10 
....................  
.................... //Zapojení rel. pro odpojení ODROID 
.................... //PIC - REL   REL - REL 
.................... //RA0 - IN1 a OUT1 - pin6 
.................... //RA1 - IN2 a OUT2 - pin5 
....................  
.................... //Napájecí napìtí pøivedeno na pin3 a výstup k zaøízení z pin2 
....................  
.................... #define  ODROID_ON_1    output_high(PIN_A0)  // Makra pro ovladani akcnich clenu 
.................... #define  ODROID_OFF_1   output_high(PIN_A1) 
.................... #define  ODROID_ON_0    output_low(PIN_A0)  // Makra pro ovladani akcnich clenu 
.................... #define  ODROID_OFF_0   output_low(PIN_A1) 
....................  
.................... #define  IN_ODROID    input(PIN_B0) //když log. 0 rele je seple, log.1 rele odpojeno 
....................  
....................  int ODROID_I=0; //kontrolni promena, ktera zamezuje, aby se obvod pokousel stále prepinat rele do polohy ve které již je (šetøí energii) 
....................  
.................... //Zapojení rel. pro odpojení PCDR 
.................... //PIC - REL   REL - REL 
.................... //RA2 - IN1 a OUT1 - pin6 
.................... //RA3 - IN2 a OUT2 - pin5 
....................  
.................... //Napájecí napìtí pøivedeno na pin3 a výstup k zaøízení z pin2 
....................  
.................... #define  PCDR_ON_1    output_high(PIN_A2)  // Makra pro ovladani akcnich clenu 
.................... #define  PCDR_OFF_1   output_high(PIN_A3) 
.................... #define  PCDR_ON_0    output_low(PIN_A2)  // Makra pro ovladani akcnich clenu 
.................... #define  PCDR_OFF_0   output_low(PIN_A3) 
....................  
.................... #define  IN_PCDR    input(PIN_B1) //když log. 0 rele je seple, log.1 rele odpojeno 
....................  
....................  int PCDR_I=0; //kontrolni promena, ktera zamezuje, aby se obvod pokousel stále prepinat rele do polohy ve které již je (šetøí energii) 
....................  
.................... //Zapojení rel. pro odpojení GPS 
.................... //PIC - REL   REL - REL 
.................... //RD4 - IN1 a OUT1 - pin6 
.................... //RD5 - IN2 a OUT2 - pin5 
....................  
.................... //Napájecí napìtí pøivedeno na pin3 a výstup k zaøízení z pin2 
....................  
.................... #define  GPS_ON_1    output_high(PIN_D4)  // Makra pro ovladani akcnich clenu 
.................... #define  GPS_OFF_1   output_high(PIN_D5) 
.................... #define  GPS_ON_0    output_low(PIN_D4)  // Makra pro ovladani akcnich clenu 
.................... #define  GPS_OFF_0   output_low(PIN_D5) 
....................  
.................... #define  IN_GPS    input(PIN_B2) //když log. 0 rele je seple, log.1 rele odpojeno 
....................  
....................  int GPS_I=0; //kontrolni promena, ktera zamezuje, aby se obvod pokousel stále prepinat rele do polohy ve které již je (šetøí energii) 
....................  
.................... //Zapojení rel. pro odpojení GPRS 
.................... //PIC - REL   REL - REL 
.................... //RD6 - IN1 a OUT1 - pin6 
.................... //RD7 - IN2 a OUT2 - pin5 
....................  
.................... //Napájecí napìtí pøivedeno na pin3 a výstup k zaøízení z pin2 
....................  
.................... #define  GPRS_ON_1    output_high(PIN_D6)  // Makra pro ovladani akcnich clenu 
.................... #define  GPRS_OFF_1   output_high(PIN_D7) 
.................... #define  GPRS_ON_0    output_low(PIN_D6)  // Makra pro ovladani akcnich clenu 
.................... #define  GPRS_OFF_0   output_low(PIN_D7) 
....................  
.................... #define  IN_GPRS    input(PIN_B3) //když log. 0 rele je seple, log.1 rele odpojeno 
....................  
....................  int GPRS_I=0; //kontrolni promena, ktera zamezuje, aby se obvod pokousel stále prepinat rele do polohy ve které již je (šetøí energii) 
....................  
....................  int timer1=0; 
....................  
....................  
.................... #int_TIMER1 
.................... void  TIMER1_isr(void) //pokud neni do definovaného okamziku vynulovan timer1, tak se resetuje napajeni odroidu 
.................... { 
....................    if(timer1>3) //slouzí pro prodlouzeni casu 
004C:  MOVF   2C,W
004D:  SUBLW  03
004E:  BTFSC  03.0
004F:  GOTO   06F
....................          { 
....................          ODROID_OFF_1;           // odpojí relé 
0050:  BSF    03.5
0051:  BCF    05.1
0052:  BCF    03.5
0053:  BSF    05.1
....................          delay_ms(1000); 
0054:  MOVLW  04
0055:  MOVWF  2F
0056:  MOVLW  FA
0057:  MOVWF  30
0058:  CALL   038
0059:  DECFSZ 2F,F
005A:  GOTO   056
....................          ODROID_OFF_0; 
005B:  BSF    03.5
005C:  BCF    05.1
005D:  BCF    03.5
005E:  BCF    05.1
....................          ODROID_ON_1;           // pripojí relé 
005F:  BSF    03.5
0060:  BCF    05.0
0061:  BCF    03.5
0062:  BSF    05.0
....................          delay_ms(10); 
0063:  MOVLW  0A
0064:  MOVWF  30
0065:  CALL   038
....................          ODROID_ON_0; 
0066:  BSF    03.5
0067:  BCF    05.0
0068:  BCF    03.5
0069:  BCF    05.0
....................          ODROID_I=1; 
006A:  MOVLW  01
006B:  MOVWF  28
....................          set_timer0(0); 
006C:  CLRF   01
....................          timer1=0; 
006D:  CLRF   2C
....................          } 
....................    else 
006E:  GOTO   071
....................    { 
....................    timer1=timer1+1;       
006F:  MOVLW  01
0070:  ADDWF  2C,F
....................    } 
....................  } 
....................  
....................  
0071:  BCF    0C.0
0072:  BCF    0A.3
0073:  BCF    0A.4
0074:  GOTO   021
.................... #int_TIMER0 //pro preteceni èítaèe od odroid (RA4), kdyz dava odroid pulzy, tak se vzdy po preteceni vynuluje timer1 
.................... void  TIMER0_isr(void)  
.................... { 
....................         set_timer1(0);  
0075:  CLRF   0F
0076:  CLRF   0E
....................         timer1=0; 
0077:  CLRF   2C
.................... } 
....................  
....................  
....................  
....................  
0078:  BCF    0B.2
0079:  BCF    0A.3
007A:  BCF    0A.4
007B:  GOTO   021
.................... void main() 
.................... { 
007C:  CLRF   04
007D:  BCF    03.7
007E:  MOVLW  1F
007F:  ANDWF  03,F
0080:  CLRF   28
0081:  CLRF   29
0082:  CLRF   2A
0083:  CLRF   2B
0084:  CLRF   2C
0085:  BSF    03.5
0086:  BSF    03.6
0087:  MOVF   09,W
0088:  ANDLW  C0
0089:  MOVWF  09
008A:  BCF    03.6
008B:  BCF    1F.4
008C:  BCF    1F.5
008D:  MOVLW  00
008E:  BSF    03.6
008F:  MOVWF  08
0090:  BCF    03.5
0091:  CLRF   07
0092:  CLRF   08
0093:  CLRF   09
....................    port_b_pullups(TRUE);      // Pullupy pro pripojeni tlacitka 
*
0097:  MOVLW  01
0098:  BSF    03.5
0099:  MOVWF  15
009A:  BCF    01.7
....................  
....................     
....................    setup_adc_ports(NO_ANALOGS); 
009B:  BSF    03.6
009C:  MOVF   09,W
009D:  ANDLW  C0
009E:  MOVWF  09
009F:  BCF    03.6
00A0:  BCF    1F.4
00A1:  BCF    1F.5
00A2:  MOVLW  00
00A3:  BSF    03.6
00A4:  MOVWF  08
....................    setup_adc(ADC_OFF); 
00A5:  BCF    03.5
00A6:  BCF    03.6
00A7:  BCF    1F.0
....................    setup_spi(SPI_SS_DISABLED); 
00A8:  BCF    14.5
00A9:  BCF    2D.5
00AA:  MOVF   2D,W
00AB:  BSF    03.5
00AC:  MOVWF  07
00AD:  BCF    03.5
00AE:  BSF    2D.4
00AF:  MOVF   2D,W
00B0:  BSF    03.5
00B1:  MOVWF  07
00B2:  BCF    03.5
00B3:  BCF    2D.3
00B4:  MOVF   2D,W
00B5:  BSF    03.5
00B6:  MOVWF  07
00B7:  MOVLW  01
00B8:  BCF    03.5
00B9:  MOVWF  14
00BA:  MOVLW  00
00BB:  BSF    03.5
00BC:  MOVWF  14
....................    setup_timer_0(RTCC_EXT_L_TO_H|RTCC_DIV_1); 
00BD:  MOVF   01,W
00BE:  ANDLW  C7
00BF:  IORLW  28
00C0:  MOVWF  01
....................    setup_timer_1(T1_EXTERNAL|T1_DIV_BY_8|T1_CLK_OUT); 
00C1:  MOVLW  3F
00C2:  BCF    03.5
00C3:  MOVWF  10
....................    setup_timer_2(T2_DISABLED,0,1); 
00C4:  MOVLW  00
00C5:  MOVWF  78
00C6:  MOVWF  12
00C7:  MOVLW  00
00C8:  BSF    03.5
00C9:  MOVWF  12
....................    setup_comparator(NC_NC_NC_NC); 
00CA:  BCF    03.5
00CB:  BSF    03.6
00CC:  CLRF   07
00CD:  CLRF   08
00CE:  CLRF   09
....................    setup_vref(FALSE); 
00CF:  BSF    03.5
00D0:  BCF    03.6
00D1:  CLRF   17
....................     
....................     
....................    enable_interrupts(INT_TIMER1); 
00D2:  BSF    0C.0
....................    enable_interrupts(INT_TIMER0); 
00D3:  BCF    03.5
00D4:  BSF    0B.5
....................    enable_interrupts(GLOBAL); 
00D5:  MOVLW  C0
00D6:  IORWF  0B,F
....................  
.................... ODROID_ON_1; //zapnutí napájení odroidu 
00D7:  BSF    03.5
00D8:  BCF    05.0
00D9:  BCF    03.5
00DA:  BSF    05.0
00DB:  CLRF   27
00DC:  BTFSC  0B.7
00DD:  BSF    27.7
00DE:  BCF    0B.7
.................... delay_ms(10); 
00DF:  MOVLW  0A
00E0:  MOVWF  30
00E1:  CALL   038
00E2:  BTFSC  27.7
00E3:  BSF    0B.7
.................... ODROID_ON_0; 
00E4:  BSF    03.5
00E5:  BCF    05.0
00E6:  BCF    03.5
00E7:  BCF    05.0
.................... ODROID_I=1; 
00E8:  MOVLW  01
00E9:  MOVWF  28
....................  
.................... PCDR_ON_1; //zapnutí napájení PCDR 
00EA:  BSF    03.5
00EB:  BCF    05.2
00EC:  BCF    03.5
00ED:  BSF    05.2
00EE:  CLRF   27
00EF:  BTFSC  0B.7
00F0:  BSF    27.7
00F1:  BCF    0B.7
.................... delay_ms(10); 
00F2:  MOVLW  0A
00F3:  MOVWF  30
00F4:  CALL   038
00F5:  BTFSC  27.7
00F6:  BSF    0B.7
.................... PCDR_ON_0; 
00F7:  BSF    03.5
00F8:  BCF    05.2
00F9:  BCF    03.5
00FA:  BCF    05.2
.................... PCDR_I=1; 
00FB:  MOVLW  01
00FC:  MOVWF  29
....................  
.................... GPS_ON_1; //zapnutí napájení GPS 
00FD:  BSF    03.5
00FE:  BCF    08.4
00FF:  BCF    03.5
0100:  BSF    08.4
0101:  CLRF   27
0102:  BTFSC  0B.7
0103:  BSF    27.7
0104:  BCF    0B.7
.................... delay_ms(10); 
0105:  MOVLW  0A
0106:  MOVWF  30
0107:  CALL   038
0108:  BTFSC  27.7
0109:  BSF    0B.7
.................... GPS_ON_0; 
010A:  BSF    03.5
010B:  BCF    08.4
010C:  BCF    03.5
010D:  BCF    08.4
.................... GPS_I=1; 
010E:  MOVLW  01
010F:  MOVWF  2A
....................  
.................... GPRS_ON_1; //zapnutí napájení GPRS 
0110:  BSF    03.5
0111:  BCF    08.6
0112:  BCF    03.5
0113:  BSF    08.6
0114:  CLRF   27
0115:  BTFSC  0B.7
0116:  BSF    27.7
0117:  BCF    0B.7
.................... delay_ms(10); 
0118:  MOVLW  0A
0119:  MOVWF  30
011A:  CALL   038
011B:  BTFSC  27.7
011C:  BSF    0B.7
.................... GPRS_ON_0; 
011D:  BSF    03.5
011E:  BCF    08.6
011F:  BCF    03.5
0120:  BCF    08.6
.................... GPRS_I=1; 
0121:  MOVLW  01
0122:  MOVWF  2B
....................        
....................    while(TRUE) 
....................    { 
....................  
.................... //---------------------------------------------------------------------- 
.................... //---------------------------------------------------------------------- 
....................    //osetruje odpojeni napajeni ODROIDU na externí pokyn 
....................    if(IN_ODROID) 
0123:  BSF    03.5
0124:  BSF    06.0
0125:  BCF    03.5
0126:  BTFSS  06.0
0127:  GOTO   13F
....................       { 
....................       if(ODROID_I) 
0128:  MOVF   28,F
0129:  BTFSC  03.2
012A:  GOTO   13E
....................          { 
....................          ODROID_OFF_1;           // odpojí relé 
012B:  BSF    03.5
012C:  BCF    05.1
012D:  BCF    03.5
012E:  BSF    05.1
012F:  CLRF   27
0130:  BTFSC  0B.7
0131:  BSF    27.7
0132:  BCF    0B.7
....................          delay_ms(10); 
0133:  MOVLW  0A
0134:  MOVWF  30
0135:  CALL   038
0136:  BTFSC  27.7
0137:  BSF    0B.7
....................          ODROID_OFF_0; 
0138:  BSF    03.5
0139:  BCF    05.1
013A:  BCF    03.5
013B:  BCF    05.1
....................          ODROID_I=0; 
013C:  CLRF   28
....................          } 
....................          else 
013D:  GOTO   13E
....................          { 
....................          } 
....................        }      
....................       else 
013E:  GOTO   155
....................       { 
....................       
....................         
....................       if(ODROID_I) 
013F:  MOVF   28,F
0140:  BTFSS  03.2
....................          { 
....................          } 
....................          else 
0141:  GOTO   155
....................          { 
....................          ODROID_ON_1;           // pripojí relé 
0142:  BSF    03.5
0143:  BCF    05.0
0144:  BCF    03.5
0145:  BSF    05.0
0146:  CLRF   27
0147:  BTFSC  0B.7
0148:  BSF    27.7
0149:  BCF    0B.7
....................          delay_ms(10); 
014A:  MOVLW  0A
014B:  MOVWF  30
014C:  CALL   038
014D:  BTFSC  27.7
014E:  BSF    0B.7
....................          ODROID_ON_0; 
014F:  BSF    03.5
0150:  BCF    05.0
0151:  BCF    03.5
0152:  BCF    05.0
....................          ODROID_I=1; 
0153:  MOVLW  01
0154:  MOVWF  28
....................          } 
....................       
....................       } 
....................        
....................        
.................... //---------------------------------------------------------------------- 
.................... //---------------------------------------------------------------------- 
....................    //osetruje odpojeni napajeni PCDR na externí pokyn 
....................    if(IN_PCDR) 
0155:  BSF    03.5
0156:  BSF    06.1
0157:  BCF    03.5
0158:  BTFSS  06.1
0159:  GOTO   171
....................       { 
....................       if(PCDR_I) 
015A:  MOVF   29,F
015B:  BTFSC  03.2
015C:  GOTO   170
....................          { 
....................          PCDR_OFF_1;           // odpojí relé 
015D:  BSF    03.5
015E:  BCF    05.3
015F:  BCF    03.5
0160:  BSF    05.3
0161:  CLRF   27
0162:  BTFSC  0B.7
0163:  BSF    27.7
0164:  BCF    0B.7
....................          delay_ms(10); 
0165:  MOVLW  0A
0166:  MOVWF  30
0167:  CALL   038
0168:  BTFSC  27.7
0169:  BSF    0B.7
....................          PCDR_OFF_0; 
016A:  BSF    03.5
016B:  BCF    05.3
016C:  BCF    03.5
016D:  BCF    05.3
....................          PCDR_I=0; 
016E:  CLRF   29
....................          } 
....................          else 
016F:  GOTO   170
....................          { 
....................          } 
....................        }      
....................       else 
0170:  GOTO   187
....................       { 
....................       
....................         
....................       if(PCDR_I) 
0171:  MOVF   29,F
0172:  BTFSS  03.2
....................          { 
....................          } 
....................          else 
0173:  GOTO   187
....................          { 
....................          PCDR_ON_1;           // pripojí relé 
0174:  BSF    03.5
0175:  BCF    05.2
0176:  BCF    03.5
0177:  BSF    05.2
0178:  CLRF   27
0179:  BTFSC  0B.7
017A:  BSF    27.7
017B:  BCF    0B.7
....................          delay_ms(10); 
017C:  MOVLW  0A
017D:  MOVWF  30
017E:  CALL   038
017F:  BTFSC  27.7
0180:  BSF    0B.7
....................          PCDR_ON_0; 
0181:  BSF    03.5
0182:  BCF    05.2
0183:  BCF    03.5
0184:  BCF    05.2
....................          PCDR_I=1; 
0185:  MOVLW  01
0186:  MOVWF  29
....................          } 
....................        
....................       
....................       } 
....................        
....................        
.................... //---------------------------------------------------------------------- 
.................... //---------------------------------------------------------------------- 
....................    //osetruje odpojeni napajeni GPS na externí pokyn 
....................    if(IN_GPS) 
0187:  BSF    03.5
0188:  BSF    06.2
0189:  BCF    03.5
018A:  BTFSS  06.2
018B:  GOTO   1A3
....................       { 
....................       if(GPS_I) 
018C:  MOVF   2A,F
018D:  BTFSC  03.2
018E:  GOTO   1A2
....................          { 
....................          GPS_OFF_1;           // odpojí relé 
018F:  BSF    03.5
0190:  BCF    08.5
0191:  BCF    03.5
0192:  BSF    08.5
0193:  CLRF   27
0194:  BTFSC  0B.7
0195:  BSF    27.7
0196:  BCF    0B.7
....................          delay_ms(10); 
0197:  MOVLW  0A
0198:  MOVWF  30
0199:  CALL   038
019A:  BTFSC  27.7
019B:  BSF    0B.7
....................          GPS_OFF_0; 
019C:  BSF    03.5
019D:  BCF    08.5
019E:  BCF    03.5
019F:  BCF    08.5
....................          GPS_I=0; 
01A0:  CLRF   2A
....................          } 
....................          else 
01A1:  GOTO   1A2
....................          { 
....................          } 
....................        }      
....................       else 
01A2:  GOTO   1B9
....................       { 
....................       
....................         
....................       if(GPS_I) 
01A3:  MOVF   2A,F
01A4:  BTFSS  03.2
....................          { 
....................          } 
....................          else 
01A5:  GOTO   1B9
....................          { 
....................          GPS_ON_1;           // pripojí relé 
01A6:  BSF    03.5
01A7:  BCF    08.4
01A8:  BCF    03.5
01A9:  BSF    08.4
01AA:  CLRF   27
01AB:  BTFSC  0B.7
01AC:  BSF    27.7
01AD:  BCF    0B.7
....................          delay_ms(10); 
01AE:  MOVLW  0A
01AF:  MOVWF  30
01B0:  CALL   038
01B1:  BTFSC  27.7
01B2:  BSF    0B.7
....................          GPS_ON_0; 
01B3:  BSF    03.5
01B4:  BCF    08.4
01B5:  BCF    03.5
01B6:  BCF    08.4
....................          GPS_I=1; 
01B7:  MOVLW  01
01B8:  MOVWF  2A
....................          }       
....................       } 
....................        
....................  //---------------------------------------------------------------------- 
.................... //---------------------------------------------------------------------- 
....................    //osetruje odpojeni napajeni GPRS na externí pokyn 
....................    if(IN_GPRS) 
01B9:  BSF    03.5
01BA:  BSF    06.3
01BB:  BCF    03.5
01BC:  BTFSS  06.3
01BD:  GOTO   1D5
....................       { 
....................       if(GPRS_I) 
01BE:  MOVF   2B,F
01BF:  BTFSC  03.2
01C0:  GOTO   1D4
....................          { 
....................          GPRS_OFF_1;           // odpojí relé 
01C1:  BSF    03.5
01C2:  BCF    08.7
01C3:  BCF    03.5
01C4:  BSF    08.7
01C5:  CLRF   27
01C6:  BTFSC  0B.7
01C7:  BSF    27.7
01C8:  BCF    0B.7
....................          delay_ms(10); 
01C9:  MOVLW  0A
01CA:  MOVWF  30
01CB:  CALL   038
01CC:  BTFSC  27.7
01CD:  BSF    0B.7
....................          GPRS_OFF_0; 
01CE:  BSF    03.5
01CF:  BCF    08.7
01D0:  BCF    03.5
01D1:  BCF    08.7
....................          GPRS_I=0; 
01D2:  CLRF   2B
....................          } 
....................          else 
01D3:  GOTO   1D4
....................          { 
....................          } 
....................        }      
....................       else 
01D4:  GOTO   1EB
....................       { 
....................       
....................         
....................       if(GPRS_I) 
01D5:  MOVF   2B,F
01D6:  BTFSS  03.2
....................          { 
....................          } 
....................          else 
01D7:  GOTO   1EB
....................          { 
....................          GPRS_ON_1;           // pripojí relé 
01D8:  BSF    03.5
01D9:  BCF    08.6
01DA:  BCF    03.5
01DB:  BSF    08.6
01DC:  CLRF   27
01DD:  BTFSC  0B.7
01DE:  BSF    27.7
01DF:  BCF    0B.7
....................          delay_ms(10); 
01E0:  MOVLW  0A
01E1:  MOVWF  30
01E2:  CALL   038
01E3:  BTFSC  27.7
01E4:  BSF    0B.7
....................          GPRS_ON_0; 
01E5:  BSF    03.5
01E6:  BCF    08.6
01E7:  BCF    03.5
01E8:  BCF    08.6
....................          GPRS_I=1; 
01E9:  MOVLW  01
01EA:  MOVWF  2B
....................          }            
....................       } 
....................        
....................        
....................        
....................        
....................        
....................      }  
01EB:  GOTO   123
....................       
....................  
.................... }  
....................       
01EC:  SLEEP

Configuration Fuses:
   Word  1: 2CF2   HS NOWDT NOPUT MCLR NOPROTECT NOCPD NOBROWNOUT IESO FCMEN NOLVP NODEBUG
   Word  2: 3FFF   NOWRT BORV40
